2026-08-03 13:37:16 CST STAGE_START stage=52_freeze_variants_donor
2026-08-03 13:37:16 CST VERIFIED sidecar label='binding N6 preregistration' sha256=cbc8a5395844b5a61a3a52a543f978c89273d6e9c786db0262d4a4c936faf6a8 path=/root/autodl-tmp/results/n6_plus_preregistration_v2.md
2026-08-03 13:37:16 CST VERIFIED sidecar label='frozen N6 code manifest' sha256=4f7e7f612e80a73766d95f2dfd34dcdc37d1b0a6c43a82255d0f3ea87970bc0d path=/root/autodl-tmp/results/n6_code_manifest_v2.txt
2026-08-03 13:37:16 CST VERIFIED frozen N6 code manifest entries=21 path=/root/autodl-tmp/results/n6_code_manifest_v2.txt
2026-08-03 13:37:16 CST VERIFIED sidecar label='frozen N5 combined model manifest' sha256=4a5c6212dcf5851b9bea2313b4898f977fef0ee36aecc922d10f0375cbc94735 path=/root/autodl-tmp/results/n5_model_weights_v1.sha256
/root/autodl-tmp/models/gemma-3-12b-it/config.json: OK
/root/autodl-tmp/models/gemma-3-12b-it/model.safetensors.index.json: OK
/root/autodl-tmp/models/gemma-3-12b-it/model-00001-of-00005.safetensors: OK
/root/autodl-tmp/models/gemma-3-12b-it/model-00002-of-00005.safetensors: OK
/root/autodl-tmp/models/gemma-3-12b-it/model-00003-of-00005.safetensors: OK
/root/autodl-tmp/models/gemma-3-12b-it/model-00004-of-00005.safetensors: OK
/root/autodl-tmp/models/gemma-3-12b-it/model-00005-of-00005.safetensors: OK
/root/autodl-tmp/models/nla-gemma3-12b-L32-av/config.json: OK
/root/autodl-tmp/models/nla-gemma3-12b-L32-av/model.safetensors.index.json: OK
/root/autodl-tmp/models/nla-gemma3-12b-L32-av/model-00001-of-00005.safetensors: OK
/root/autodl-tmp/models/nla-gemma3-12b-L32-av/model-00002-of-00005.safetensors: OK
/root/autodl-tmp/models/nla-gemma3-12b-L32-av/model-00003-of-00005.safetensors: OK
/root/autodl-tmp/models/nla-gemma3-12b-L32-av/model-00004-of-00005.safetensors: OK
/root/autodl-tmp/models/nla-gemma3-12b-L32-av/model-00005-of-00005.safetensors: OK
/root/autodl-tmp/models/nla-gemma3-12b-L32-ar/config.json: OK
/root/autodl-tmp/models/nla-gemma3-12b-L32-ar/model.safetensors.index.json: OK
/root/autodl-tmp/models/nla-gemma3-12b-L32-ar/model-00001-of-00004.safetensors: OK
/root/autodl-tmp/models/nla-gemma3-12b-L32-ar/model-00002-of-00004.safetensors: OK
/root/autodl-tmp/models/nla-gemma3-12b-L32-ar/model-00003-of-00004.safetensors: OK
/root/autodl-tmp/models/nla-gemma3-12b-L32-ar/model-00004-of-00004.safetensors: OK
/root/autodl-tmp/models/nla-gemma3-12b-L32-ar/value_head.safetensors: OK
/root/autodl-tmp/models/gemma-scope-2-12b-it/resid_post_all/layer_32_width_16k_l0_small/config.json: OK
/root/autodl-tmp/models/gemma-scope-2-12b-it/resid_post_all/layer_32_width_16k_l0_small/params.safetensors: OK
/root/autodl-tmp/models/gemma-scope-2-12b-it/resid_post_all/layer_32_width_16k_l0_big/config.json: OK
/root/autodl-tmp/models/gemma-scope-2-12b-it/resid_post_all/layer_32_width_16k_l0_big/params.safetensors: OK
2026-08-03 13:42:32 CST VERIFIED manifest entries label='frozen N5 combined model manifest' path=/root/autodl-tmp/results/n5_model_weights_v1.sha256
2026-08-03 13:42:33 CST VERIFIED sidecar label='stage input' sha256=d366bca81ac239bc9c68d4361b7bca151f3cd3237ca2a2459e9316280ba40bbc path=/root/autodl-tmp/results/n6_provisional_cohort_v1.json
2026-08-03 13:42:33 CST VERIFIED sidecar label='stage input' sha256=cc3718817bac7318b2e970940eea5f5775362ebd96120ad3c58e855dc5e3b485 path=/root/autodl-tmp/results/n6_av_explanations_v1.json
{"eligible": 434, "output": "/root/autodl-tmp/results/n6_variants_donor_v1.json", "rejected": 67, "rows": 400, "sha256": "8e725b66e24b6434c3164cbf2b0075c056559aaeb7b8795c7fb3b41dc6c2f5d3", "status": "COMPLETE_FROZEN_BEFORE_AR_CANDIDATE_MASS_OR_CAUSAL_OUTCOME"}
2026-08-03 13:42:37 CST VERIFIED sidecar label='stage 52 frozen variants and donor map' sha256=8e725b66e24b6434c3164cbf2b0075c056559aaeb7b8795c7fb3b41dc6c2f5d3 path=/root/autodl-tmp/results/n6_variants_donor_v1.json
2026-08-03 13:42:37 CST STAGE_COMPLETE stage=52_freeze_variants_donor
