2026-08-03 14:01:32 CST STAGE_START stage=55_analyze
2026-08-03 14:01:32 CST VERIFIED sidecar label='binding N6 preregistration' sha256=cbc8a5395844b5a61a3a52a543f978c89273d6e9c786db0262d4a4c936faf6a8 path=/root/autodl-tmp/results/n6_plus_preregistration_v2.md
2026-08-03 14:01:32 CST VERIFIED sidecar label='frozen N6 code manifest' sha256=4f7e7f612e80a73766d95f2dfd34dcdc37d1b0a6c43a82255d0f3ea87970bc0d path=/root/autodl-tmp/results/n6_code_manifest_v2.txt
2026-08-03 14:01:32 CST VERIFIED frozen N6 code manifest entries=21 path=/root/autodl-tmp/results/n6_code_manifest_v2.txt
2026-08-03 14:01:32 CST VERIFIED sidecar label='frozen N5 combined model manifest' sha256=4a5c6212dcf5851b9bea2313b4898f977fef0ee36aecc922d10f0375cbc94735 path=/root/autodl-tmp/results/n5_model_weights_v1.sha256
/root/autodl-tmp/models/gemma-3-12b-it/config.json: OK
/root/autodl-tmp/models/gemma-3-12b-it/model.safetensors.index.json: OK
/root/autodl-tmp/models/gemma-3-12b-it/model-00001-of-00005.safetensors: OK
/root/autodl-tmp/models/gemma-3-12b-it/model-00002-of-00005.safetensors: OK
/root/autodl-tmp/models/gemma-3-12b-it/model-00003-of-00005.safetensors: OK
/root/autodl-tmp/models/gemma-3-12b-it/model-00004-of-00005.safetensors: OK
/root/autodl-tmp/models/gemma-3-12b-it/model-00005-of-00005.safetensors: OK
/root/autodl-tmp/models/nla-gemma3-12b-L32-av/config.json: OK
/root/autodl-tmp/models/nla-gemma3-12b-L32-av/model.safetensors.index.json: OK
/root/autodl-tmp/models/nla-gemma3-12b-L32-av/model-00001-of-00005.safetensors: OK
/root/autodl-tmp/models/nla-gemma3-12b-L32-av/model-00002-of-00005.safetensors: OK
/root/autodl-tmp/models/nla-gemma3-12b-L32-av/model-00003-of-00005.safetensors: OK
/root/autodl-tmp/models/nla-gemma3-12b-L32-av/model-00004-of-00005.safetensors: OK
/root/autodl-tmp/models/nla-gemma3-12b-L32-av/model-00005-of-00005.safetensors: OK
/root/autodl-tmp/models/nla-gemma3-12b-L32-ar/config.json: OK
/root/autodl-tmp/models/nla-gemma3-12b-L32-ar/model.safetensors.index.json: OK
/root/autodl-tmp/models/nla-gemma3-12b-L32-ar/model-00001-of-00004.safetensors: OK
/root/autodl-tmp/models/nla-gemma3-12b-L32-ar/model-00002-of-00004.safetensors: OK
/root/autodl-tmp/models/nla-gemma3-12b-L32-ar/model-00003-of-00004.safetensors: OK
/root/autodl-tmp/models/nla-gemma3-12b-L32-ar/model-00004-of-00004.safetensors: OK
/root/autodl-tmp/models/nla-gemma3-12b-L32-ar/value_head.safetensors: OK
/root/autodl-tmp/models/gemma-scope-2-12b-it/resid_post_all/layer_32_width_16k_l0_small/config.json: OK
/root/autodl-tmp/models/gemma-scope-2-12b-it/resid_post_all/layer_32_width_16k_l0_small/params.safetensors: OK
/root/autodl-tmp/models/gemma-scope-2-12b-it/resid_post_all/layer_32_width_16k_l0_big/config.json: OK
/root/autodl-tmp/models/gemma-scope-2-12b-it/resid_post_all/layer_32_width_16k_l0_big/params.safetensors: OK
2026-08-03 14:06:36 CST VERIFIED manifest entries label='frozen N5 combined model manifest' path=/root/autodl-tmp/results/n5_model_weights_v1.sha256
2026-08-03 14:06:36 CST VERIFIED sidecar label='stage input' sha256=d366bca81ac239bc9c68d4361b7bca151f3cd3237ca2a2459e9316280ba40bbc path=/root/autodl-tmp/results/n6_provisional_cohort_v1.json
2026-08-03 14:06:36 CST VERIFIED sidecar label='stage input' sha256=8e725b66e24b6434c3164cbf2b0075c056559aaeb7b8795c7fb3b41dc6c2f5d3 path=/root/autodl-tmp/results/n6_variants_donor_v1.json
2026-08-03 14:06:36 CST VERIFIED sidecar label='stage input' sha256=2c9eef3f660003cb63decb7d6ec62b4b20c53d9014e177a96cbbdce3fa939faa path=/root/autodl-tmp/results/n6_recon_v1.json
2026-08-03 14:06:36 CST VERIFIED sidecar label='stage input' sha256=f899836af62b01aad7d8b4d9fa40c8f86c911214a4ff42fc8bfdb2b765fcf1c6 path=/root/autodl-tmp/results/n6_recon_vectors_v1.npz
2026-08-03 14:06:36 CST VERIFIED sidecar label='stage input' sha256=260c1b00cb6a5d498bb436e3b8dba667861af47b77cebcd49fb684a8f6823592 path=/root/autodl-tmp/results/n6_causal_candidate_mass_v1.json
2026-08-03 14:06:36 CST VERIFIED sidecar label='stage input' sha256=036477f21fb550b317978a880df0a708dcf42a5201d301ca0757fade3baea059 path=/root/autodl-tmp/results/n5_gate_v2.json
N6_ANALYSIS_COMPLETE rows=400 h6a=True h6b=True json=c31d114f9909c2f5371b49730ab60d156a59d238457ada5e48b1a9fa1999789b markdown=143be1007cebd3e914775dc14789eb71f3b7e7b2fdaa81fe2a54a5503ce73ec4
2026-08-03 14:06:38 CST VERIFIED sidecar label='stage 55 analysis JSON' sha256=c31d114f9909c2f5371b49730ab60d156a59d238457ada5e48b1a9fa1999789b path=/root/autodl-tmp/results/n6_analysis_v1.json
2026-08-03 14:06:38 CST VERIFIED sidecar label='stage 55 analysis Markdown' sha256=143be1007cebd3e914775dc14789eb71f3b7e7b2fdaa81fe2a54a5503ce73ec4 path=/root/autodl-tmp/results/N6_ANALYSIS_V1.md
2026-08-03 14:06:38 CST STAGE_COMPLETE stage=55_analyze
