[n6-launch] C:\Windows\System32\OpenSSH\ssh.exe autodl "umask 077; mkdir -p /root/autodl-tmp/nla_compare /root/autodl-tmp/nla_repo /root/autodl-tmp/results"
[n6-launch] C:\Windows\System32\OpenSSH\ssh.exe autodl "if [ -e /root/autodl-tmp/results/n6_plus_preregistration_v1.md ]; then printf '%s  %s\n' 3cf1bbb0247491071901c2ff6b1455427f5c1ae4de5251ef9c0ca1e79f0d0997 /root/autodl-tmp/results/n6_plus_preregistration_v1.md | sha256sum --strict --check -; fi"
[n6-launch] C:\Windows\System32\OpenSSH\scp.exe -p D:\Projects\natural_language_autoencoder\server\n6_plus_preregistration_v1.md autodl:/root/autodl-tmp/results/n6_plus_preregistration_v1.md
[n6-launch] C:\Windows\System32\OpenSSH\ssh.exe autodl "printf '%s  %s\n' 3cf1bbb0247491071901c2ff6b1455427f5c1ae4de5251ef9c0ca1e79f0d0997 /root/autodl-tmp/results/n6_plus_preregistration_v1.md | sha256sum --strict --check -"
[n6-launch] C:\Windows\System32\OpenSSH\ssh.exe autodl "if [ -e /root/autodl-tmp/results/n6_plus_preregistration_v1.md.sha256 ]; then printf '%s  %s\n' 1d42ed299144f2c6bfc7c7f50a34df9be45a9a52b2981782882405ffe69eaff7 /root/autodl-tmp/results/n6_plus_preregistration_v1.md.sha256 | sha256sum --strict --check -; fi"
[n6-launch] C:\Windows\System32\OpenSSH\scp.exe -p D:\Projects\natural_language_autoencoder\server\n6_plus_preregistration_v1.md.sha256 autodl:/root/autodl-tmp/results/n6_plus_preregistration_v1.md.sha256
[n6-launch] C:\Windows\System32\OpenSSH\ssh.exe autodl "printf '%s  %s\n' 1d42ed299144f2c6bfc7c7f50a34df9be45a9a52b2981782882405ffe69eaff7 /root/autodl-tmp/results/n6_plus_preregistration_v1.md.sha256 | sha256sum --strict --check -"
[n6-launch] C:\Windows\System32\OpenSSH\ssh.exe autodl "if [ -e /root/autodl-tmp/results/n6_code_manifest_v1.txt ]; then printf '%s  %s\n' f533e5307a9485bef7aac62c8c9bbf035aff7bc98f4b8934e035a91c3894fe44 /root/autodl-tmp/results/n6_code_manifest_v1.txt | sha256sum --strict --check -; fi"
[n6-launch] C:\Windows\System32\OpenSSH\scp.exe -p D:\Projects\natural_language_autoencoder\server\n6_code_manifest_v1.txt autodl:/root/autodl-tmp/results/n6_code_manifest_v1.txt
[n6-launch] C:\Windows\System32\OpenSSH\ssh.exe autodl "printf '%s  %s\n' f533e5307a9485bef7aac62c8c9bbf035aff7bc98f4b8934e035a91c3894fe44 /root/autodl-tmp/results/n6_code_manifest_v1.txt | sha256sum --strict --check -"
[n6-launch] C:\Windows\System32\OpenSSH\ssh.exe autodl "if [ -e /root/autodl-tmp/results/n6_code_manifest_v1.txt.sha256 ]; then printf '%s  %s\n' cb51914b8dfc75e00c5cf5815e2f3388159c3db0e45658348dfa93bda689ce6b /root/autodl-tmp/results/n6_code_manifest_v1.txt.sha256 | sha256sum --strict --check -; fi"
[n6-launch] C:\Windows\System32\OpenSSH\scp.exe -p D:\Projects\natural_language_autoencoder\server\n6_code_manifest_v1.txt.sha256 autodl:/root/autodl-tmp/results/n6_code_manifest_v1.txt.sha256
[n6-launch] C:\Windows\System32\OpenSSH\ssh.exe autodl "printf '%s  %s\n' cb51914b8dfc75e00c5cf5815e2f3388159c3db0e45658348dfa93bda689ce6b /root/autodl-tmp/results/n6_code_manifest_v1.txt.sha256 | sha256sum --strict --check -"
[n6-launch] C:\Windows\System32\OpenSSH\ssh.exe autodl "if [ -e /root/autodl-tmp/results/n5_model_weights_v1.sha256 ]; then printf '%s  %s\n' 4a5c6212dcf5851b9bea2313b4898f977fef0ee36aecc922d10f0375cbc94735 /root/autodl-tmp/results/n5_model_weights_v1.sha256 | sha256sum --strict --check -; fi"
[n6-launch] C:\Windows\System32\OpenSSH\scp.exe -p D:\Projects\natural_language_autoencoder\results\n5_model_weights_v1.sha256 autodl:/root/autodl-tmp/results/n5_model_weights_v1.sha256
[n6-launch] C:\Windows\System32\OpenSSH\ssh.exe autodl "printf '%s  %s\n' 4a5c6212dcf5851b9bea2313b4898f977fef0ee36aecc922d10f0375cbc94735 /root/autodl-tmp/results/n5_model_weights_v1.sha256 | sha256sum --strict --check -"
[n6-launch] C:\Windows\System32\OpenSSH\ssh.exe autodl "if [ -e /root/autodl-tmp/results/n5_model_weights_v1.sha256.sha256 ]; then printf '%s  %s\n' 39c552f0e822ba0a27616286bd2e0bc5f5fce6f3f327bc79249a2f554d3afe2f /root/autodl-tmp/results/n5_model_weights_v1.sha256.sha256 | sha256sum --strict --check -; fi"
[n6-launch] C:\Windows\System32\OpenSSH\scp.exe -p D:\Projects\natural_language_autoencoder\results\n5_model_weights_v1.sha256.sha256 autodl:/root/autodl-tmp/results/n5_model_weights_v1.sha256.sha256
[n6-launch] C:\Windows\System32\OpenSSH\ssh.exe autodl "printf '%s  %s\n' 39c552f0e822ba0a27616286bd2e0bc5f5fce6f3f327bc79249a2f554d3afe2f /root/autodl-tmp/results/n5_model_weights_v1.sha256.sha256 | sha256sum --strict --check -"
[n6-launch] C:\Windows\System32\OpenSSH\ssh.exe autodl "if [ -e /root/autodl-tmp/nla_compare/n6_stage_common.sh ]; then printf '%s  %s\n' c40f32e832c8be14e72af3f99b9e911cf3a685f3649917fabe2103ff667dd163 /root/autodl-tmp/nla_compare/n6_stage_common.sh | sha256sum --strict --check -; fi"
[n6-launch] C:\Windows\System32\OpenSSH\scp.exe -p D:\Projects\natural_language_autoencoder\server\n6_stage_common.sh autodl:/root/autodl-tmp/nla_compare/n6_stage_common.sh
[n6-launch] C:\Windows\System32\OpenSSH\ssh.exe autodl "printf '%s  %s\n' c40f32e832c8be14e72af3f99b9e911cf3a685f3649917fabe2103ff667dd163 /root/autodl-tmp/nla_compare/n6_stage_common.sh | sha256sum --strict --check -"
[n6-launch] C:\Windows\System32\OpenSSH\ssh.exe autodl "if [ -e /root/autodl-tmp/nla_compare/n6_supervisor_template.sh ]; then printf '%s  %s\n' 3c00f49944c4f1d575966fcebcc5b8d77748479db5a3520aecd9d009c4f922aa /root/autodl-tmp/nla_compare/n6_supervisor_template.sh | sha256sum --strict --check -; fi"
[n6-launch] C:\Windows\System32\OpenSSH\scp.exe -p D:\Projects\natural_language_autoencoder\server\n6_supervisor_template.sh autodl:/root/autodl-tmp/nla_compare/n6_supervisor_template.sh
[n6-launch] C:\Windows\System32\OpenSSH\ssh.exe autodl "printf '%s  %s\n' 3c00f49944c4f1d575966fcebcc5b8d77748479db5a3520aecd9d009c4f922aa /root/autodl-tmp/nla_compare/n6_supervisor_template.sh | sha256sum --strict --check -"
[n6-launch] C:\Windows\System32\OpenSSH\ssh.exe autodl "if [ -e /root/autodl-tmp/nla_compare/n6_freeze_cohort_remote.sh ]; then printf '%s  %s\n' 65ae5ff5f50e30550c0e334afa3d85ef64aa9a5be5505f54168e1773cdcf2edf /root/autodl-tmp/nla_compare/n6_freeze_cohort_remote.sh | sha256sum --strict --check -; fi"
[n6-launch] C:\Windows\System32\OpenSSH\scp.exe -p D:\Projects\natural_language_autoencoder\server\n6_freeze_cohort_remote.sh autodl:/root/autodl-tmp/nla_compare/n6_freeze_cohort_remote.sh
[n6-launch] C:\Windows\System32\OpenSSH\ssh.exe autodl "printf '%s  %s\n' 65ae5ff5f50e30550c0e334afa3d85ef64aa9a5be5505f54168e1773cdcf2edf /root/autodl-tmp/nla_compare/n6_freeze_cohort_remote.sh | sha256sum --strict --check -"
[n6-launch] C:\Windows\System32\OpenSSH\ssh.exe autodl "if [ -e /root/autodl-tmp/nla_compare/n6_extract_activations_remote.sh ]; then printf '%s  %s\n' d76db42130b483498cb7bcb874caa8b8a5de3bc809f3d26a02e9ca66d18bef44 /root/autodl-tmp/nla_compare/n6_extract_activations_remote.sh | sha256sum --strict --check -; fi"
[n6-launch] C:\Windows\System32\OpenSSH\scp.exe -p D:\Projects\natural_language_autoencoder\server\n6_extract_activations_remote.sh autodl:/root/autodl-tmp/nla_compare/n6_extract_activations_remote.sh
[n6-launch] C:\Windows\System32\OpenSSH\ssh.exe autodl "printf '%s  %s\n' d76db42130b483498cb7bcb874caa8b8a5de3bc809f3d26a02e9ca66d18bef44 /root/autodl-tmp/nla_compare/n6_extract_activations_remote.sh | sha256sum --strict --check -"
[n6-launch] C:\Windows\System32\OpenSSH\ssh.exe autodl "if [ -e /root/autodl-tmp/nla_compare/n6_generate_av_remote.sh ]; then printf '%s  %s\n' 499c6a63a3fa0bb8963bdbc78adc82798a81d9f70aa3c828905568421943acc9 /root/autodl-tmp/nla_compare/n6_generate_av_remote.sh | sha256sum --strict --check -; fi"
[n6-launch] C:\Windows\System32\OpenSSH\scp.exe -p D:\Projects\natural_language_autoencoder\server\n6_generate_av_remote.sh autodl:/root/autodl-tmp/nla_compare/n6_generate_av_remote.sh
[n6-launch] C:\Windows\System32\OpenSSH\ssh.exe autodl "printf '%s  %s\n' 499c6a63a3fa0bb8963bdbc78adc82798a81d9f70aa3c828905568421943acc9 /root/autodl-tmp/nla_compare/n6_generate_av_remote.sh | sha256sum --strict --check -"
[n6-launch] C:\Windows\System32\OpenSSH\ssh.exe autodl "if [ -e /root/autodl-tmp/nla_compare/n6_freeze_variants_donor_remote.sh ]; then printf '%s  %s\n' 341172b57296c1143618178c5dcb58b9f07c82306099b33fe02d8ae74529de18 /root/autodl-tmp/nla_compare/n6_freeze_variants_donor_remote.sh | sha256sum --strict --check -; fi"
[n6-launch] C:\Windows\System32\OpenSSH\scp.exe -p D:\Projects\natural_language_autoencoder\server\n6_freeze_variants_donor_remote.sh autodl:/root/autodl-tmp/nla_compare/n6_freeze_variants_donor_remote.sh
[n6-launch] C:\Windows\System32\OpenSSH\ssh.exe autodl "printf '%s  %s\n' 341172b57296c1143618178c5dcb58b9f07c82306099b33fe02d8ae74529de18 /root/autodl-tmp/nla_compare/n6_freeze_variants_donor_remote.sh | sha256sum --strict --check -"
[n6-launch] C:\Windows\System32\OpenSSH\ssh.exe autodl "if [ -e /root/autodl-tmp/nla_compare/n6_reconstruct_remote.sh ]; then printf '%s  %s\n' c3e73057c6e2d18807a6235d52758dd09b74c031a7a34ec38e492b16c0298d60 /root/autodl-tmp/nla_compare/n6_reconstruct_remote.sh | sha256sum --strict --check -; fi"
[n6-launch] C:\Windows\System32\OpenSSH\scp.exe -p D:\Projects\natural_language_autoencoder\server\n6_reconstruct_remote.sh autodl:/root/autodl-tmp/nla_compare/n6_reconstruct_remote.sh
[n6-launch] C:\Windows\System32\OpenSSH\ssh.exe autodl "printf '%s  %s\n' c3e73057c6e2d18807a6235d52758dd09b74c031a7a34ec38e492b16c0298d60 /root/autodl-tmp/nla_compare/n6_reconstruct_remote.sh | sha256sum --strict --check -"
[n6-launch] C:\Windows\System32\OpenSSH\ssh.exe autodl "if [ -e /root/autodl-tmp/nla_compare/n6_causal_candidate_mass_remote.sh ]; then printf '%s  %s\n' 5b416ee266e85338d4cbf8d488951b1894dba269c1af6212cbaaa31e30fe480a /root/autodl-tmp/nla_compare/n6_causal_candidate_mass_remote.sh | sha256sum --strict --check -; fi"
[n6-launch] C:\Windows\System32\OpenSSH\scp.exe -p D:\Projects\natural_language_autoencoder\server\n6_causal_candidate_mass_remote.sh autodl:/root/autodl-tmp/nla_compare/n6_causal_candidate_mass_remote.sh
[n6-launch] C:\Windows\System32\OpenSSH\ssh.exe autodl "printf '%s  %s\n' 5b416ee266e85338d4cbf8d488951b1894dba269c1af6212cbaaa31e30fe480a /root/autodl-tmp/nla_compare/n6_causal_candidate_mass_remote.sh | sha256sum --strict --check -"
[n6-launch] C:\Windows\System32\OpenSSH\ssh.exe autodl "if [ -e /root/autodl-tmp/nla_compare/n6_analyze_remote.sh ]; then printf '%s  %s\n' 8c1d0331811e21f20ebcf8fd5553914082932a7994d43f40d8d3b8d8e0360273 /root/autodl-tmp/nla_compare/n6_analyze_remote.sh | sha256sum --strict --check -; fi"
[n6-launch] C:\Windows\System32\OpenSSH\scp.exe -p D:\Projects\natural_language_autoencoder\server\n6_analyze_remote.sh autodl:/root/autodl-tmp/nla_compare/n6_analyze_remote.sh
[n6-launch] C:\Windows\System32\OpenSSH\ssh.exe autodl "printf '%s  %s\n' 8c1d0331811e21f20ebcf8fd5553914082932a7994d43f40d8d3b8d8e0360273 /root/autodl-tmp/nla_compare/n6_analyze_remote.sh | sha256sum --strict --check -"
[n6-launch] C:\Windows\System32\OpenSSH\ssh.exe autodl "if [ -e /root/autodl-tmp/nla_compare/n6_independent_audit_remote.sh ]; then printf '%s  %s\n' 54f84669cc8348af02878972cefd6734447474922c47eeaad1cdd77264eb65cf /root/autodl-tmp/nla_compare/n6_independent_audit_remote.sh | sha256sum --strict --check -; fi"
[n6-launch] C:\Windows\System32\OpenSSH\scp.exe -p D:\Projects\natural_language_autoencoder\server\n6_independent_audit_remote.sh autodl:/root/autodl-tmp/nla_compare/n6_independent_audit_remote.sh
[n6-launch] C:\Windows\System32\OpenSSH\ssh.exe autodl "printf '%s  %s\n' 54f84669cc8348af02878972cefd6734447474922c47eeaad1cdd77264eb65cf /root/autodl-tmp/nla_compare/n6_independent_audit_remote.sh | sha256sum --strict --check -"
[n6-launch] C:\Windows\System32\OpenSSH\ssh.exe autodl "if [ -e /root/autodl-tmp/nla_compare/n6_common.py ]; then printf '%s  %s\n' cd553f8275a9cc314c39e2ce73f32d86ac7f0698790c0f28c147cab40b2a663a /root/autodl-tmp/nla_compare/n6_common.py | sha256sum --strict --check -; fi"
[n6-launch] C:\Windows\System32\OpenSSH\scp.exe -p D:\Projects\natural_language_autoencoder\server\n6_common.py autodl:/root/autodl-tmp/nla_compare/n6_common.py
[n6-launch] C:\Windows\System32\OpenSSH\ssh.exe autodl "printf '%s  %s\n' cd553f8275a9cc314c39e2ce73f32d86ac7f0698790c0f28c147cab40b2a663a /root/autodl-tmp/nla_compare/n6_common.py | sha256sum --strict --check -"
[n6-launch] C:\Windows\System32\OpenSSH\ssh.exe autodl "if [ -e /root/autodl-tmp/nla_compare/pilot_common.py ]; then printf '%s  %s\n' 69fb1b40d60d075c615acdaa23acf4f85c17b5b4cf02e2cc18113c4e14ecf63a /root/autodl-tmp/nla_compare/pilot_common.py | sha256sum --strict --check -; fi"
[n6-launch] C:\Windows\System32\OpenSSH\scp.exe -p D:\Projects\natural_language_autoencoder\server\pilot_common.py autodl:/root/autodl-tmp/nla_compare/pilot_common.py
[n6-launch] C:\Windows\System32\OpenSSH\ssh.exe autodl "printf '%s  %s\n' 69fb1b40d60d075c615acdaa23acf4f85c17b5b4cf02e2cc18113c4e14ecf63a /root/autodl-tmp/nla_compare/pilot_common.py | sha256sum --strict --check -"
[n6-launch] C:\Windows\System32\OpenSSH\ssh.exe autodl "if [ -e /root/autodl-tmp/nla_repo/nla_inference.py ]; then printf '%s  %s\n' 45cbf64489dc8f1daa8c9e98fe4dd4e881e4fd743fd783d6128c070cc0677f26 /root/autodl-tmp/nla_repo/nla_inference.py | sha256sum --strict --check -; fi"
