[n6-launch] C:\Windows\System32\OpenSSH\ssh.exe autodl "umask 077; mkdir -p /root/autodl-tmp/nla_compare /root/autodl-tmp/nla_repo /root/autodl-tmp/results"
[n6-launch] C:\Windows\System32\OpenSSH\ssh.exe autodl "if [ -e /root/autodl-tmp/results/n6_plus_preregistration_v2.md ]; then printf '%s  %s\n' cbc8a5395844b5a61a3a52a543f978c89273d6e9c786db0262d4a4c936faf6a8 /root/autodl-tmp/results/n6_plus_preregistration_v2.md | sha256sum --strict --check -; fi"
[n6-launch] C:\Windows\System32\OpenSSH\scp.exe -p D:\Projects\natural_language_autoencoder\server\n6_plus_preregistration_v2.md autodl:/root/autodl-tmp/results/n6_plus_preregistration_v2.md
[n6-launch] C:\Windows\System32\OpenSSH\ssh.exe autodl "printf '%s  %s\n' cbc8a5395844b5a61a3a52a543f978c89273d6e9c786db0262d4a4c936faf6a8 /root/autodl-tmp/results/n6_plus_preregistration_v2.md | sha256sum --strict --check -"
[n6-launch] C:\Windows\System32\OpenSSH\ssh.exe autodl "if [ -e /root/autodl-tmp/results/n6_plus_preregistration_v2.md.sha256 ]; then printf '%s  %s\n' 26034e8140bb8bd581a31a164d823c128a8284cf6f25218a65cdffb345343104 /root/autodl-tmp/results/n6_plus_preregistration_v2.md.sha256 | sha256sum --strict --check -; fi"
[n6-launch] C:\Windows\System32\OpenSSH\scp.exe -p D:\Projects\natural_language_autoencoder\server\n6_plus_preregistration_v2.md.sha256 autodl:/root/autodl-tmp/results/n6_plus_preregistration_v2.md.sha256
[n6-launch] C:\Windows\System32\OpenSSH\ssh.exe autodl "printf '%s  %s\n' 26034e8140bb8bd581a31a164d823c128a8284cf6f25218a65cdffb345343104 /root/autodl-tmp/results/n6_plus_preregistration_v2.md.sha256 | sha256sum --strict --check -"
[n6-launch] C:\Windows\System32\OpenSSH\ssh.exe autodl "if [ -e /root/autodl-tmp/results/n6_code_manifest_v2.txt ]; then printf '%s  %s\n' 4f7e7f612e80a73766d95f2dfd34dcdc37d1b0a6c43a82255d0f3ea87970bc0d /root/autodl-tmp/results/n6_code_manifest_v2.txt | sha256sum --strict --check -; fi"
[n6-launch] C:\Windows\System32\OpenSSH\scp.exe -p D:\Projects\natural_language_autoencoder\server\n6_code_manifest_v2.txt autodl:/root/autodl-tmp/results/n6_code_manifest_v2.txt
[n6-launch] C:\Windows\System32\OpenSSH\ssh.exe autodl "printf '%s  %s\n' 4f7e7f612e80a73766d95f2dfd34dcdc37d1b0a6c43a82255d0f3ea87970bc0d /root/autodl-tmp/results/n6_code_manifest_v2.txt | sha256sum --strict --check -"
[n6-launch] C:\Windows\System32\OpenSSH\ssh.exe autodl "if [ -e /root/autodl-tmp/results/n6_code_manifest_v2.txt.sha256 ]; then printf '%s  %s\n' 9d86d7528da60e875d53d661c9460fe9577ad2f7679b7601c0a8cc70033b601a /root/autodl-tmp/results/n6_code_manifest_v2.txt.sha256 | sha256sum --strict --check -; fi"
[n6-launch] C:\Windows\System32\OpenSSH\scp.exe -p D:\Projects\natural_language_autoencoder\server\n6_code_manifest_v2.txt.sha256 autodl:/root/autodl-tmp/results/n6_code_manifest_v2.txt.sha256
[n6-launch] C:\Windows\System32\OpenSSH\ssh.exe autodl "printf '%s  %s\n' 9d86d7528da60e875d53d661c9460fe9577ad2f7679b7601c0a8cc70033b601a /root/autodl-tmp/results/n6_code_manifest_v2.txt.sha256 | sha256sum --strict --check -"
[n6-launch] C:\Windows\System32\OpenSSH\ssh.exe autodl "if [ -e /root/autodl-tmp/results/n5_model_weights_v1.sha256 ]; then printf '%s  %s\n' 4a5c6212dcf5851b9bea2313b4898f977fef0ee36aecc922d10f0375cbc94735 /root/autodl-tmp/results/n5_model_weights_v1.sha256 | sha256sum --strict --check -; fi"
[n6-launch] C:\Windows\System32\OpenSSH\scp.exe -p D:\Projects\natural_language_autoencoder\results\n5_model_weights_v1.sha256 autodl:/root/autodl-tmp/results/n5_model_weights_v1.sha256
[n6-launch] C:\Windows\System32\OpenSSH\ssh.exe autodl "printf '%s  %s\n' 4a5c6212dcf5851b9bea2313b4898f977fef0ee36aecc922d10f0375cbc94735 /root/autodl-tmp/results/n5_model_weights_v1.sha256 | sha256sum --strict --check -"
[n6-launch] C:\Windows\System32\OpenSSH\ssh.exe autodl "if [ -e /root/autodl-tmp/results/n5_model_weights_v1.sha256.sha256 ]; then printf '%s  %s\n' 39c552f0e822ba0a27616286bd2e0bc5f5fce6f3f327bc79249a2f554d3afe2f /root/autodl-tmp/results/n5_model_weights_v1.sha256.sha256 | sha256sum --strict --check -; fi"
[n6-launch] C:\Windows\System32\OpenSSH\scp.exe -p D:\Projects\natural_language_autoencoder\results\n5_model_weights_v1.sha256.sha256 autodl:/root/autodl-tmp/results/n5_model_weights_v1.sha256.sha256
[n6-launch] C:\Windows\System32\OpenSSH\ssh.exe autodl "printf '%s  %s\n' 39c552f0e822ba0a27616286bd2e0bc5f5fce6f3f327bc79249a2f554d3afe2f /root/autodl-tmp/results/n5_model_weights_v1.sha256.sha256 | sha256sum --strict --check -"
[n6-launch] C:\Windows\System32\OpenSSH\ssh.exe autodl "if [ -e /root/autodl-tmp/nla_compare/n6_stage_common.sh ]; then printf '%s  %s\n' c40f32e832c8be14e72af3f99b9e911cf3a685f3649917fabe2103ff667dd163 /root/autodl-tmp/nla_compare/n6_stage_common.sh | sha256sum --strict --check -; fi"
[n6-launch] C:\Windows\System32\OpenSSH\scp.exe -p D:\Projects\natural_language_autoencoder\server\n6_stage_common.sh autodl:/root/autodl-tmp/nla_compare/n6_stage_common.sh
[n6-launch] C:\Windows\System32\OpenSSH\ssh.exe autodl "printf '%s  %s\n' c40f32e832c8be14e72af3f99b9e911cf3a685f3649917fabe2103ff667dd163 /root/autodl-tmp/nla_compare/n6_stage_common.sh | sha256sum --strict --check -"
[n6-launch] C:\Windows\System32\OpenSSH\ssh.exe autodl "if [ -e /root/autodl-tmp/nla_compare/n6_supervisor_template.sh ]; then printf '%s  %s\n' 3c00f49944c4f1d575966fcebcc5b8d77748479db5a3520aecd9d009c4f922aa /root/autodl-tmp/nla_compare/n6_supervisor_template.sh | sha256sum --strict --check -; fi"
[n6-launch] C:\Windows\System32\OpenSSH\scp.exe -p D:\Projects\natural_language_autoencoder\server\n6_supervisor_template.sh autodl:/root/autodl-tmp/nla_compare/n6_supervisor_template.sh
[n6-launch] C:\Windows\System32\OpenSSH\ssh.exe autodl "printf '%s  %s\n' 3c00f49944c4f1d575966fcebcc5b8d77748479db5a3520aecd9d009c4f922aa /root/autodl-tmp/nla_compare/n6_supervisor_template.sh | sha256sum --strict --check -"
[n6-launch] C:\Windows\System32\OpenSSH\ssh.exe autodl "if [ -e /root/autodl-tmp/nla_compare/n6_freeze_cohort_remote.sh ]; then printf '%s  %s\n' 65ae5ff5f50e30550c0e334afa3d85ef64aa9a5be5505f54168e1773cdcf2edf /root/autodl-tmp/nla_compare/n6_freeze_cohort_remote.sh | sha256sum --strict --check -; fi"
[n6-launch] C:\Windows\System32\OpenSSH\scp.exe -p D:\Projects\natural_language_autoencoder\server\n6_freeze_cohort_remote.sh autodl:/root/autodl-tmp/nla_compare/n6_freeze_cohort_remote.sh
[n6-launch] C:\Windows\System32\OpenSSH\ssh.exe autodl "printf '%s  %s\n' 65ae5ff5f50e30550c0e334afa3d85ef64aa9a5be5505f54168e1773cdcf2edf /root/autodl-tmp/nla_compare/n6_freeze_cohort_remote.sh | sha256sum --strict --check -"
[n6-launch] C:\Windows\System32\OpenSSH\ssh.exe autodl "if [ -e /root/autodl-tmp/nla_compare/n6_extract_activations_remote.sh ]; then printf '%s  %s\n' d76db42130b483498cb7bcb874caa8b8a5de3bc809f3d26a02e9ca66d18bef44 /root/autodl-tmp/nla_compare/n6_extract_activations_remote.sh | sha256sum --strict --check -; fi"
[n6-launch] C:\Windows\System32\OpenSSH\scp.exe -p D:\Projects\natural_language_autoencoder\server\n6_extract_activations_remote.sh autodl:/root/autodl-tmp/nla_compare/n6_extract_activations_remote.sh
[n6-launch] C:\Windows\System32\OpenSSH\ssh.exe autodl "printf '%s  %s\n' d76db42130b483498cb7bcb874caa8b8a5de3bc809f3d26a02e9ca66d18bef44 /root/autodl-tmp/nla_compare/n6_extract_activations_remote.sh | sha256sum --strict --check -"
[n6-launch] C:\Windows\System32\OpenSSH\ssh.exe autodl "if [ -e /root/autodl-tmp/nla_compare/n6_generate_av_remote.sh ]; then printf '%s  %s\n' 499c6a63a3fa0bb8963bdbc78adc82798a81d9f70aa3c828905568421943acc9 /root/autodl-tmp/nla_compare/n6_generate_av_remote.sh | sha256sum --strict --check -; fi"
[n6-launch] C:\Windows\System32\OpenSSH\scp.exe -p D:\Projects\natural_language_autoencoder\server\n6_generate_av_remote.sh autodl:/root/autodl-tmp/nla_compare/n6_generate_av_remote.sh
[n6-launch] C:\Windows\System32\OpenSSH\ssh.exe autodl "printf '%s  %s\n' 499c6a63a3fa0bb8963bdbc78adc82798a81d9f70aa3c828905568421943acc9 /root/autodl-tmp/nla_compare/n6_generate_av_remote.sh | sha256sum --strict --check -"
[n6-launch] C:\Windows\System32\OpenSSH\ssh.exe autodl "if [ -e /root/autodl-tmp/nla_compare/n6_freeze_variants_donor_remote.sh ]; then printf '%s  %s\n' 341172b57296c1143618178c5dcb58b9f07c82306099b33fe02d8ae74529de18 /root/autodl-tmp/nla_compare/n6_freeze_variants_donor_remote.sh | sha256sum --strict --check -; fi"
[n6-launch] C:\Windows\System32\OpenSSH\scp.exe -p D:\Projects\natural_language_autoencoder\server\n6_freeze_variants_donor_remote.sh autodl:/root/autodl-tmp/nla_compare/n6_freeze_variants_donor_remote.sh
[n6-launch] C:\Windows\System32\OpenSSH\ssh.exe autodl "printf '%s  %s\n' 341172b57296c1143618178c5dcb58b9f07c82306099b33fe02d8ae74529de18 /root/autodl-tmp/nla_compare/n6_freeze_variants_donor_remote.sh | sha256sum --strict --check -"
[n6-launch] C:\Windows\System32\OpenSSH\ssh.exe autodl "if [ -e /root/autodl-tmp/nla_compare/n6_reconstruct_remote.sh ]; then printf '%s  %s\n' c3e73057c6e2d18807a6235d52758dd09b74c031a7a34ec38e492b16c0298d60 /root/autodl-tmp/nla_compare/n6_reconstruct_remote.sh | sha256sum --strict --check -; fi"
[n6-launch] C:\Windows\System32\OpenSSH\scp.exe -p D:\Projects\natural_language_autoencoder\server\n6_reconstruct_remote.sh autodl:/root/autodl-tmp/nla_compare/n6_reconstruct_remote.sh
[n6-launch] C:\Windows\System32\OpenSSH\ssh.exe autodl "printf '%s  %s\n' c3e73057c6e2d18807a6235d52758dd09b74c031a7a34ec38e492b16c0298d60 /root/autodl-tmp/nla_compare/n6_reconstruct_remote.sh | sha256sum --strict --check -"
[n6-launch] C:\Windows\System32\OpenSSH\ssh.exe autodl "if [ -e /root/autodl-tmp/nla_compare/n6_causal_candidate_mass_remote.sh ]; then printf '%s  %s\n' 5b416ee266e85338d4cbf8d488951b1894dba269c1af6212cbaaa31e30fe480a /root/autodl-tmp/nla_compare/n6_causal_candidate_mass_remote.sh | sha256sum --strict --check -; fi"
[n6-launch] C:\Windows\System32\OpenSSH\scp.exe -p D:\Projects\natural_language_autoencoder\server\n6_causal_candidate_mass_remote.sh autodl:/root/autodl-tmp/nla_compare/n6_causal_candidate_mass_remote.sh
[n6-launch] C:\Windows\System32\OpenSSH\ssh.exe autodl "printf '%s  %s\n' 5b416ee266e85338d4cbf8d488951b1894dba269c1af6212cbaaa31e30fe480a /root/autodl-tmp/nla_compare/n6_causal_candidate_mass_remote.sh | sha256sum --strict --check -"
[n6-launch] C:\Windows\System32\OpenSSH\ssh.exe autodl "if [ -e /root/autodl-tmp/nla_compare/n6_analyze_remote.sh ]; then printf '%s  %s\n' 8c1d0331811e21f20ebcf8fd5553914082932a7994d43f40d8d3b8d8e0360273 /root/autodl-tmp/nla_compare/n6_analyze_remote.sh | sha256sum --strict --check -; fi"
[n6-launch] C:\Windows\System32\OpenSSH\scp.exe -p D:\Projects\natural_language_autoencoder\server\n6_analyze_remote.sh autodl:/root/autodl-tmp/nla_compare/n6_analyze_remote.sh
[n6-launch] C:\Windows\System32\OpenSSH\ssh.exe autodl "printf '%s  %s\n' 8c1d0331811e21f20ebcf8fd5553914082932a7994d43f40d8d3b8d8e0360273 /root/autodl-tmp/nla_compare/n6_analyze_remote.sh | sha256sum --strict --check -"
[n6-launch] C:\Windows\System32\OpenSSH\ssh.exe autodl "if [ -e /root/autodl-tmp/nla_compare/n6_independent_audit_remote.sh ]; then printf '%s  %s\n' 54f84669cc8348af02878972cefd6734447474922c47eeaad1cdd77264eb65cf /root/autodl-tmp/nla_compare/n6_independent_audit_remote.sh | sha256sum --strict --check -; fi"
[n6-launch] C:\Windows\System32\OpenSSH\scp.exe -p D:\Projects\natural_language_autoencoder\server\n6_independent_audit_remote.sh autodl:/root/autodl-tmp/nla_compare/n6_independent_audit_remote.sh
[n6-launch] C:\Windows\System32\OpenSSH\ssh.exe autodl "printf '%s  %s\n' 54f84669cc8348af02878972cefd6734447474922c47eeaad1cdd77264eb65cf /root/autodl-tmp/nla_compare/n6_independent_audit_remote.sh | sha256sum --strict --check -"
[n6-launch] C:\Windows\System32\OpenSSH\ssh.exe autodl "if [ -e /root/autodl-tmp/nla_compare/n6_common.py ]; then printf '%s  %s\n' cd553f8275a9cc314c39e2ce73f32d86ac7f0698790c0f28c147cab40b2a663a /root/autodl-tmp/nla_compare/n6_common.py | sha256sum --strict --check -; fi"
[n6-launch] C:\Windows\System32\OpenSSH\scp.exe -p D:\Projects\natural_language_autoencoder\server\n6_common.py autodl:/root/autodl-tmp/nla_compare/n6_common.py
[n6-launch] C:\Windows\System32\OpenSSH\ssh.exe autodl "printf '%s  %s\n' cd553f8275a9cc314c39e2ce73f32d86ac7f0698790c0f28c147cab40b2a663a /root/autodl-tmp/nla_compare/n6_common.py | sha256sum --strict --check -"
[n6-launch] C:\Windows\System32\OpenSSH\ssh.exe autodl "if [ -e /root/autodl-tmp/nla_compare/pilot_common.py ]; then printf '%s  %s\n' 69fb1b40d60d075c615acdaa23acf4f85c17b5b4cf02e2cc18113c4e14ecf63a /root/autodl-tmp/nla_compare/pilot_common.py | sha256sum --strict --check -; fi"
[n6-launch] C:\Windows\System32\OpenSSH\scp.exe -p D:\Projects\natural_language_autoencoder\server\pilot_common.py autodl:/root/autodl-tmp/nla_compare/pilot_common.py
[n6-launch] C:\Windows\System32\OpenSSH\ssh.exe autodl "printf '%s  %s\n' 69fb1b40d60d075c615acdaa23acf4f85c17b5b4cf02e2cc18113c4e14ecf63a /root/autodl-tmp/nla_compare/pilot_common.py | sha256sum --strict --check -"
[n6-launch] C:\Windows\System32\OpenSSH\ssh.exe autodl "if [ -e /root/autodl-tmp/nla_repo/nla_inference.py ]; then printf '%s  %s\n' e50271bccb52cba0b9b8ef9276e712c5d294865175693d6784acb33331f1aa40 /root/autodl-tmp/nla_repo/nla_inference.py | sha256sum --strict --check -; fi"
[n6-launch] C:\Windows\System32\OpenSSH\scp.exe -p D:\Projects\natural_language_autoencoder\results\nla_inference.remote_20260803.py autodl:/root/autodl-tmp/nla_repo/nla_inference.py
[n6-launch] C:\Windows\System32\OpenSSH\ssh.exe autodl "printf '%s  %s\n' e50271bccb52cba0b9b8ef9276e712c5d294865175693d6784acb33331f1aa40 /root/autodl-tmp/nla_repo/nla_inference.py | sha256sum --strict --check -"
[n6-launch] C:\Windows\System32\OpenSSH\ssh.exe autodl "if [ -e /root/autodl-tmp/nla_compare/49_n6_freeze_cohort.py ]; then printf '%s  %s\n' 06b669e51ff0dcbb1340b3e2e5571a88206d7e3d5c0a6a8de9a781b7d3011ea3 /root/autodl-tmp/nla_compare/49_n6_freeze_cohort.py | sha256sum --strict --check -; fi"
[n6-launch] C:\Windows\System32\OpenSSH\scp.exe -p D:\Projects\natural_language_autoencoder\server\49_n6_freeze_cohort.py autodl:/root/autodl-tmp/nla_compare/49_n6_freeze_cohort.py
[n6-launch] C:\Windows\System32\OpenSSH\ssh.exe autodl "printf '%s  %s\n' 06b669e51ff0dcbb1340b3e2e5571a88206d7e3d5c0a6a8de9a781b7d3011ea3 /root/autodl-tmp/nla_compare/49_n6_freeze_cohort.py | sha256sum --strict --check -"
[n6-launch] C:\Windows\System32\OpenSSH\ssh.exe autodl "if [ -e /root/autodl-tmp/nla_compare/50_n6_extract_activations.py ]; then printf '%s  %s\n' 60eb41c3b30d4fa7bb8eaf5c6af26eb71f68de9d74e0282ab30cf68532e4c285 /root/autodl-tmp/nla_compare/50_n6_extract_activations.py | sha256sum --strict --check -; fi"
[n6-launch] C:\Windows\System32\OpenSSH\scp.exe -p D:\Projects\natural_language_autoencoder\server\50_n6_extract_activations.py autodl:/root/autodl-tmp/nla_compare/50_n6_extract_activations.py
[n6-launch] C:\Windows\System32\OpenSSH\ssh.exe autodl "printf '%s  %s\n' 60eb41c3b30d4fa7bb8eaf5c6af26eb71f68de9d74e0282ab30cf68532e4c285 /root/autodl-tmp/nla_compare/50_n6_extract_activations.py | sha256sum --strict --check -"
[n6-launch] C:\Windows\System32\OpenSSH\ssh.exe autodl "if [ -e /root/autodl-tmp/nla_compare/51_n6_generate_av.py ]; then printf '%s  %s\n' 48c6c5c830779e77674fab7cba53af3b947478802b434ffa77cd680a1e2e9147 /root/autodl-tmp/nla_compare/51_n6_generate_av.py | sha256sum --strict --check -; fi"
[n6-launch] C:\Windows\System32\OpenSSH\scp.exe -p D:\Projects\natural_language_autoencoder\server\51_n6_generate_av.py autodl:/root/autodl-tmp/nla_compare/51_n6_generate_av.py
[n6-launch] C:\Windows\System32\OpenSSH\ssh.exe autodl "printf '%s  %s\n' 48c6c5c830779e77674fab7cba53af3b947478802b434ffa77cd680a1e2e9147 /root/autodl-tmp/nla_compare/51_n6_generate_av.py | sha256sum --strict --check -"
[n6-launch] C:\Windows\System32\OpenSSH\ssh.exe autodl "if [ -e /root/autodl-tmp/nla_compare/52_n6_freeze_variants.py ]; then printf '%s  %s\n' 75541b9b85074709b69d67e994bf377e32423a0c36e103325886313344558764 /root/autodl-tmp/nla_compare/52_n6_freeze_variants.py | sha256sum --strict --check -; fi"
[n6-launch] C:\Windows\System32\OpenSSH\scp.exe -p D:\Projects\natural_language_autoencoder\server\52_n6_freeze_variants.py autodl:/root/autodl-tmp/nla_compare/52_n6_freeze_variants.py
[n6-launch] C:\Windows\System32\OpenSSH\ssh.exe autodl "printf '%s  %s\n' 75541b9b85074709b69d67e994bf377e32423a0c36e103325886313344558764 /root/autodl-tmp/nla_compare/52_n6_freeze_variants.py | sha256sum --strict --check -"
[n6-launch] C:\Windows\System32\OpenSSH\ssh.exe autodl "if [ -e /root/autodl-tmp/nla_compare/53_n6_reconstruct.py ]; then printf '%s  %s\n' 3a5b47192244ab8c110ee2ef60e4b95516fa8f1b55227add7ff30b0963a6bd1d /root/autodl-tmp/nla_compare/53_n6_reconstruct.py | sha256sum --strict --check -; fi"
[n6-launch] C:\Windows\System32\OpenSSH\scp.exe -p D:\Projects\natural_language_autoencoder\server\53_n6_reconstruct.py autodl:/root/autodl-tmp/nla_compare/53_n6_reconstruct.py
[n6-launch] C:\Windows\System32\OpenSSH\ssh.exe autodl "printf '%s  %s\n' 3a5b47192244ab8c110ee2ef60e4b95516fa8f1b55227add7ff30b0963a6bd1d /root/autodl-tmp/nla_compare/53_n6_reconstruct.py | sha256sum --strict --check -"
[n6-launch] C:\Windows\System32\OpenSSH\ssh.exe autodl "if [ -e /root/autodl-tmp/nla_compare/54_n6_causal_patch.py ]; then printf '%s  %s\n' a84d959cac92ae53ea4d82124e6e510beda67116f65dde9646e140130273f253 /root/autodl-tmp/nla_compare/54_n6_causal_patch.py | sha256sum --strict --check -; fi"
[n6-launch] C:\Windows\System32\OpenSSH\scp.exe -p D:\Projects\natural_language_autoencoder\server\54_n6_causal_patch.py autodl:/root/autodl-tmp/nla_compare/54_n6_causal_patch.py
[n6-launch] C:\Windows\System32\OpenSSH\ssh.exe autodl "printf '%s  %s\n' a84d959cac92ae53ea4d82124e6e510beda67116f65dde9646e140130273f253 /root/autodl-tmp/nla_compare/54_n6_causal_patch.py | sha256sum --strict --check -"
[n6-launch] C:\Windows\System32\OpenSSH\ssh.exe autodl "if [ -e /root/autodl-tmp/nla_compare/55_n6_analyze.py ]; then printf '%s  %s\n' 3c62a40990c1a15a9bc229c015eaf6ce5936ff3dccf01ba552548abb93356e27 /root/autodl-tmp/nla_compare/55_n6_analyze.py | sha256sum --strict --check -; fi"
[n6-launch] C:\Windows\System32\OpenSSH\scp.exe -p D:\Projects\natural_language_autoencoder\server\55_n6_analyze.py autodl:/root/autodl-tmp/nla_compare/55_n6_analyze.py
[n6-launch] C:\Windows\System32\OpenSSH\ssh.exe autodl "printf '%s  %s\n' 3c62a40990c1a15a9bc229c015eaf6ce5936ff3dccf01ba552548abb93356e27 /root/autodl-tmp/nla_compare/55_n6_analyze.py | sha256sum --strict --check -"
[n6-launch] C:\Windows\System32\OpenSSH\ssh.exe autodl "if [ -e /root/autodl-tmp/nla_compare/56_n6_independent_audit.py ]; then printf '%s  %s\n' 141207c043163483f07c212a85c3b1e320e6f2a2116fb5c2ca3548df9d4042cb /root/autodl-tmp/nla_compare/56_n6_independent_audit.py | sha256sum --strict --check -; fi"
[n6-launch] C:\Windows\System32\OpenSSH\scp.exe -p D:\Projects\natural_language_autoencoder\server\56_n6_independent_audit.py autodl:/root/autodl-tmp/nla_compare/56_n6_independent_audit.py
[n6-launch] C:\Windows\System32\OpenSSH\ssh.exe autodl "printf '%s  %s\n' 141207c043163483f07c212a85c3b1e320e6f2a2116fb5c2ca3548df9d4042cb /root/autodl-tmp/nla_compare/56_n6_independent_audit.py | sha256sum --strict --check -"
[n6-launch] C:\Windows\System32\OpenSSH\ssh.exe autodl "test ! -e /root/autodl-tmp/results/n6_pull_ready_v1.txt && test ! -e /root/autodl-tmp/results/n6_supervisor_v1.exit && test ! -e /root/autodl-tmp/results/n6_pull_ack_v1.txt"
[n6-launch] C:\Windows\System32\OpenSSH\ssh.exe autodl "cd /root/autodl-tmp/nla_compare && nohup env N6_PREREG=/root/autodl-tmp/results/n6_plus_preregistration_v2.md N6_CODE_MANIFEST=/root/autodl-tmp/results/n6_code_manifest_v2.txt N6_MODEL_MANIFEST=/root/autodl-tmp/results/n5_model_weights_v1.sha256 N6_SOURCE_CORPUS=/root/autodl-tmp/results/n3_corpus_v1.jsonl N6_SOURCE_CORPUS_MANIFEST=/root/autodl-tmp/results/n3_corpus_v1.json N6_N4_ACTIVATIONS=/root/autodl-tmp/activations/acts_L32_n3_v1.parquet N6_N5_COHORT_PLAN=/root/autodl-tmp/results/n5_cohort_plan_v2.json N6_PILE_PARQUET=/root/autodl-tmp/hf/hub/datasets--NeelNanda--pile-10k/blobs/a1a9475a8684ac8f1b17a36eccb2ec49c127edd7aae9beb2f240726972d93f31 N6_ANALYSIS_TARGET=400 N6_CELL_SEED_QUOTA=2 N6_MIN_CELL_SIZE=2 bash /root/autodl-tmp/nla_compare/n6_supervisor_template.sh >/root/autodl-tmp/results/n6_supervisor_bootstrap_v1.log 2>&1 </dev/null &"
